> build
> webpack --mode production

assets by status 709 KiB [cached] 7 assets
Entrypoint main = main.css main.bundle.js
Entrypoint install = install.bundle.js
Entrypoint header = header.bundle.js
Entrypoint editor = editor.bundle.js
orphan modules 23.6 KiB (javascript) 937 bytes (runtime) [orphan] 15 modules
runtime modules 2.33 KiB 11 modules
cacheable modules 36.6 KiB (javascript) 3.17 KiB (css/mini-extract)
  modules by path ./src/ 22.9 KiB (javascript) 3.17 KiB (css/mini-extract)
    ./src/js/index.js + 1 modules 6.09 KiB [built] [code generated]
    ./src/js/editor.js 1.51 KiB [built] [code generated]
    ./src/js/install.js + 1 modules 1.63 KiB [built] [code generated]
    ./src/js/database.js + 3 modules 13.5 KiB [built] [code generated]
    + 2 modules
  modules by path ./node_modules/ 13.6 KiB
    modules by path ./node_modules/@babel/runtime/helpers/esm/*.js 1.88 KiB 2 modules
    modules by path ./node_modules/@babel/runtime/helpers/*.js 11.3 KiB 2 modules
    ./node_modules/@babel/runtime/regenerator/index.js 448 bytes [built] [code generated]

LOG from InjectManifest
<i> The service worker at src-sw.js will precache
<i>         10 URLs, totaling 48.9 kB.

WARNING in ./node_modules/express/lib/view.js 81:13-25
Critical dependency: the request of a dependency is an expression

WARNING in ./node_modules/on-finished/index.js 207:11-33
Module not found: Error: Can't resolve 'async_hooks' in 'C:\Users\19149\Desktop\sandbox\terminal-app\client\node_modules\on-finished'

WARNING in ./node_modules/raw-body/index.js 302:11-33
Module not found: Error: Can't resolve 'async_hooks' in 'C:\Users\19149\Desktop\sandbox\terminal-app\client\node_modules\raw-body'

3 WARNINGS in child compilations (Use 'stats.children: true' resp. '--stats-children' for more details)

3 warnings have detailed information that is not shown.
Use 'stats.errorDetails: true' resp. '--stats-error-details' to show it.

ERROR in ./node_modules/body-parser/lib/read.js 20:11-26
Module not found: Error: Can't resolve 'zlib' in 'C:\Users\19149\Desktop\sandbox\terminal-app\client\node_modules\body-parser\lib'

BREAKING CHANGE: webpack < 5 used to include polyfills for node.js core modules by default.
This is no longer the case. Verify if you need this module and configure a polyfill for it.

If you want to include a polyfill, you need to:
        - add a fallback 'resolve.fallback: { "zlib": require.resolve("browserify-zlib") }'
        - install 'browserify-zlib'
If you don't want to include a polyfill, you can use an empty module like this:
        resolve.fallback: { "zlib": false }

ERROR in ./node_modules/body-parser/lib/types/urlencoded.js 228:12-34
Module not found: Error: Can't resolve 'querystring' in 'C:\Users\19149\Desktop\sandbox\terminal-app\client\node_modules\body-parser\lib\types'

BREAKING CHANGE: webpack < 5 used to include polyfills for node.js core modules by default.
This is no longer the case. Verify if you need this module and configure a polyfill for it.

If you want to include a polyfill, you need to:
        - add a fallback 'resolve.fallback: { "querystring": require.resolve("querystring-es3") }'
        - install 'querystring-es3'
If you don't want to include a polyfill, you can use an empty module like this:
        resolve.fallback: { "querystring": false }

ERROR in ./node_modules/content-disposition/index.js 22:15-39
Module not found: Error: Can't resolve 'path' in 'C:\Users\19149\Desktop\sandbox\terminal-app\client\node_modules\content-disposition'

BREAKING CHANGE: webpack < 5 used to include polyfills for node.js core modules by default.
This is no longer the case. Verify if you need this module and configure a polyfill for it.

If you want to include a polyfill, you need to:
        - add a fallback 'resolve.fallback: { "path": require.resolve("path-browserify") }'
        - install 'path-browserify'
If you don't want to include a polyfill, you can use an empty module like this:
        resolve.fallback: { "path": false }

ERROR in ./node_modules/cookie-signature/index.js 5:13-30
Module not found: Error: Can't resolve 'crypto' in 'C:\Users\19149\Desktop\sandbox\terminal-app\client\node_modules\cookie-signature'

BREAKING CHANGE: webpack < 5 used to include polyfills for node.js core modules by default.
This is no longer the case. Verify if you need this module and configure a polyfill for it.

If you want to include a polyfill, you need to:
        - add a fallback 'resolve.fallback: { "crypto": require.resolve("crypto-browserify") }'
        - install 'crypto-browserify'
If you don't want to include a polyfill, you can use an empty module like this:
        resolve.fallback: { "crypto": false }

ERROR in ./node_modules/destroy/index.js 16:17-41
Module not found: Error: Can't resolve 'fs' in 'C:\Users\19149\Desktop\sandbox\terminal-app\client\node_modules\destroy'

ERROR in ./node_modules/destroy/index.js 17:13-30
Module not found: Error: Can't resolve 'stream' in 'C:\Users\19149\Desktop\sandbox\terminal-app\client\node_modules\destroy'

BREAKING CHANGE: webpack < 5 used to include polyfills for node.js core modules by default.
This is no longer the case. Verify if you need this module and configure a polyfill for it.

If you want to include a polyfill, you need to:
        - add a fallback 'resolve.fallback: { "stream": require.resolve("stream-browserify") }'
        - install 'stream-browserify'
If you don't want to include a polyfill, you can use an empty module like this:
        resolve.fallback: { "stream": false }

ERROR in ./node_modules/destroy/index.js 18:11-26
Module not found: Error: Can't resolve 'zlib' in 'C:\Users\19149\Desktop\sandbox\terminal-app\client\node_modules\destroy'

BREAKING CHANGE: webpack < 5 used to include polyfills for node.js core modules by default.
This is no longer the case. Verify if you need this module and configure a polyfill for it.

If you want to include a polyfill, you need to:
        - add a fallback 'resolve.fallback: { "zlib": require.resolve("browserify-zlib") }'
        - install 'browserify-zlib'
If you don't want to include a polyfill, you can use an empty module like this:
        resolve.fallback: { "zlib": false }

ERROR in ./node_modules/etag/index.js 21:13-30
Module not found: Error: Can't resolve 'crypto' in 'C:\Users\19149\Desktop\sandbox\terminal-app\client\node_modules\etag'

BREAKING CHANGE: webpack < 5 used to include polyfills for node.js core modules by default.
This is no longer the case. Verify if you need this module and configure a polyfill for it.

If you want to include a polyfill, you need to:
        - add a fallback 'resolve.fallback: { "crypto": require.resolve("crypto-browserify") }'
        - install 'crypto-browserify'
If you don't want to include a polyfill, you can use an empty module like this:
        resolve.fallback: { "crypto": false }

ERROR in ./node_modules/etag/index.js 22:12-31
Module not found: Error: Can't resolve 'fs' in 'C:\Users\19149\Desktop\sandbox\terminal-app\client\node_modules\etag'

ERROR in ./node_modules/express/lib/application.js 23:11-26
Module not found: Error: Can't resolve 'http' in 'C:\Users\19149\Desktop\sandbox\terminal-app\client\node_modules\express\lib'

BREAKING CHANGE: webpack < 5 used to include polyfills for node.js core modules by default.
This is no longer the case. Verify if you need this module and configure a polyfill for it.

If you want to include a polyfill, you need to:
        - add a fallback 'resolve.fallback: { "http": require.resolve("stream-http") }'
        - install 'stream-http'
If you don't want to include a polyfill, you can use an empty module like this:
        resolve.fallback: { "http": false }

ERROR in ./node_modules/express/lib/application.js 30:14-37
Module not found: Error: Can't resolve 'path' in 'C:\Users\19149\Desktop\sandbox\terminal-app\client\node_modules\express\lib'

BREAKING CHANGE: webpack < 5 used to include polyfills for node.js core modules by default.
This is no longer the case. Verify if you need this module and configure a polyfill for it.

If you want to include a polyfill, you need to:
        - add a fallback 'resolve.fallback: { "path": require.resolve("path-browserify") }'
        - install 'path-browserify'
If you don't want to include a polyfill, you can use an empty module like this:
        resolve.fallback: { "path": false }

ERROR in ./node_modules/express/lib/request.js 18:11-30
Module not found: Error: Can't resolve 'net' in 'C:\Users\19149\Desktop\sandbox\terminal-app\client\node_modules\express\lib'

ERROR in ./node_modules/express/lib/request.js 20:11-26
Module not found: Error: Can't resolve 'http' in 'C:\Users\19149\Desktop\sandbox\terminal-app\client\node_modules\express\lib'

BREAKING CHANGE: webpack < 5 used to include polyfills for node.js core modules by default.
This is no longer the case. Verify if you need this module and configure a polyfill for it.

If you want to include a polyfill, you need to:
        - add a fallback 'resolve.fallback: { "http": require.resolve("stream-http") }'
        - install 'stream-http'
If you don't want to include a polyfill, you can use an empty module like this:
        resolve.fallback: { "http": false }

ERROR in ./node_modules/express/lib/response.js 21:11-26
Module not found: Error: Can't resolve 'http' in 'C:\Users\19149\Desktop\sandbox\terminal-app\client\node_modules\express\lib'

BREAKING CHANGE: webpack < 5 used to include polyfills for node.js core modules by default.
This is no longer the case. Verify if you need this module and configure a polyfill for it.

If you want to include a polyfill, you need to:
        - add a fallback 'resolve.fallback: { "http": require.resolve("stream-http") }'
        - install 'stream-http'
If you don't want to include a polyfill, you can use an empty module like this:
        resolve.fallback: { "http": false }

ERROR in ./node_modules/express/lib/response.js 24:11-26
Module not found: Error: Can't resolve 'path' in 'C:\Users\19149\Desktop\sandbox\terminal-app\client\node_modules\express\lib'

BREAKING CHANGE: webpack < 5 used to include polyfills for node.js core modules by default.
This is no longer the case. Verify if you need this module and configure a polyfill for it.

If you want to include a polyfill, you need to:
        - add a fallback 'resolve.fallback: { "path": require.resolve("path-browserify") }'
        - install 'path-browserify'
If you don't want to include a polyfill, you can use an empty module like this:
        resolve.fallback: { "path": false }

ERROR in ./node_modules/express/lib/utils.js 24:18-40
Module not found: Error: Can't resolve 'querystring' in 'C:\Users\19149\Desktop\sandbox\terminal-app\client\node_modules\express\lib'

BREAKING CHANGE: webpack < 5 used to include polyfills for node.js core modules by default.
This is no longer the case. Verify if you need this module and configure a polyfill for it.

If you want to include a polyfill, you need to:
        - add a fallback 'resolve.fallback: { "querystring": require.resolve("querystring-es3") }'
        - install 'querystring-es3'
If you don't want to include a polyfill, you can use an empty module like this:
        resolve.fallback: { "querystring": false }

ERROR in ./node_modules/express/lib/view.js 17:11-26
Module not found: Error: Can't resolve 'path' in 'C:\Users\19149\Desktop\sandbox\terminal-app\client\node_modules\express\lib'

BREAKING CHANGE: webpack < 5 used to include polyfills for node.js core modules by default.
This is no longer the case. Verify if you need this module and configure a polyfill for it.

If you want to include a polyfill, you need to:
        - add a fallback 'resolve.fallback: { "path": require.resolve("path-browserify") }'
        - install 'path-browserify'
If you don't want to include a polyfill, you can use an empty module like this:
        resolve.fallback: { "path": false }

ERROR in ./node_modules/express/lib/view.js 18:9-22
Module not found: Error: Can't resolve 'fs' in 'C:\Users\19149\Desktop\sandbox\terminal-app\client\node_modules\express\lib'

ERROR in ./node_modules/mime-types/index.js 16:14-37
Module not found: Error: Can't resolve 'path' in 'C:\Users\19149\Desktop\sandbox\terminal-app\client\node_modules\mime-types'

BREAKING CHANGE: webpack < 5 used to include polyfills for node.js core modules by default.
This is no longer the case. Verify if you need this module and configure a polyfill for it.

If you want to include a polyfill, you need to:
        - add a fallback 'resolve.fallback: { "path": require.resolve("path-browserify") }'
        - install 'path-browserify'
If you don't want to include a polyfill, you can use an empty module like this:
        resolve.fallback: { "path": false }

ERROR in ./node_modules/mime/mime.js 1:11-26
Module not found: Error: Can't resolve 'path' in 'C:\Users\19149\Desktop\sandbox\terminal-app\client\node_modules\mime'

BREAKING CHANGE: webpack < 5 used to include polyfills for node.js core modules by default.
This is no longer the case. Verify if you need this module and configure a polyfill for it.

If you want to include a polyfill, you need to:
        - add a fallback 'resolve.fallback: { "path": require.resolve("path-browserify") }'
        - install 'path-browserify'
If you don't want to include a polyfill, you can use an empty module like this:
        resolve.fallback: { "path": false }

ERROR in ./node_modules/mime/mime.js 2:9-22
Module not found: Error: Can't resolve 'fs' in 'C:\Users\19149\Desktop\sandbox\terminal-app\client\node_modules\mime'

ERROR in ./node_modules/parseurl/index.js 15:10-24
Module not found: Error: Can't resolve 'url' in 'C:\Users\19149\Desktop\sandbox\terminal-app\client\node_modules\parseurl'

BREAKING CHANGE: webpack < 5 used to include polyfills for node.js core modules by default.
This is no longer the case. Verify if you need this module and configure a polyfill for it.

If you want to include a polyfill, you need to:
        - add a fallback 'resolve.fallback: { "url": require.resolve("url/") }'
        - install 'url'
If you don't want to include a polyfill, you can use an empty module like this:
        resolve.fallback: { "url": false }

ERROR in ./node_modules/send/index.js 23:9-22
Module not found: Error: Can't resolve 'fs' in 'C:\Users\19149\Desktop\sandbox\terminal-app\client\node_modules\send'

ERROR in ./node_modules/send/index.js 28:11-26
Module not found: Error: Can't resolve 'path' in 'C:\Users\19149\Desktop\sandbox\terminal-app\client\node_modules\send'

BREAKING CHANGE: webpack < 5 used to include polyfills for node.js core modules by default.
This is no longer the case. Verify if you need this module and configure a polyfill for it.

If you want to include a polyfill, you need to:
        - add a fallback 'resolve.fallback: { "path": require.resolve("path-browserify") }'
        - install 'path-browserify'
If you don't want to include a polyfill, you can use an empty module like this:
        resolve.fallback: { "path": false }

ERROR in ./node_modules/send/index.js 30:13-30
Module not found: Error: Can't resolve 'stream' in 'C:\Users\19149\Desktop\sandbox\terminal-app\client\node_modules\send'

BREAKING CHANGE: webpack < 5 used to include polyfills for node.js core modules by default.
This is no longer the case. Verify if you need this module and configure a polyfill for it.

If you want to include a polyfill, you need to:
        - add a fallback 'resolve.fallback: { "stream": require.resolve("stream-browserify") }'
        - install 'stream-browserify'
If you don't want to include a polyfill, you can use an empty module like this:
        resolve.fallback: { "stream": false }

ERROR in ./node_modules/send/index.js 31:11-26
Module not found: Error: Can't resolve 'util' in 'C:\Users\19149\Desktop\sandbox\terminal-app\client\node_modules\send'

BREAKING CHANGE: webpack < 5 used to include polyfills for node.js core modules by default.
This is no longer the case. Verify if you need this module and configure a polyfill for it.

If you want to include a polyfill, you need to:
        - add a fallback 'resolve.fallback: { "util": require.resolve("util/") }'
        - install 'util'
If you don't want to include a polyfill, you can use an empty module like this:
        resolve.fallback: { "util": false }

ERROR in ./node_modules/serve-static/index.js 19:14-37
Module not found: Error: Can't resolve 'path' in 'C:\Users\19149\Desktop\sandbox\terminal-app\client\node_modules\serve-static'

BREAKING CHANGE: webpack < 5 used to include polyfills for node.js core modules by default.
This is no longer the case. Verify if you need this module and configure a polyfill for it.

If you want to include a polyfill, you need to:
        - add a fallback 'resolve.fallback: { "path": require.resolve("path-browserify") }'
        - install 'path-browserify'
If you don't want to include a polyfill, you can use an empty module like this:
        resolve.fallback: { "path": false }

ERROR in ./node_modules/serve-static/index.js 21:10-24
Module not found: Error: Can't resolve 'url' in 'C:\Users\19149\Desktop\sandbox\terminal-app\client\node_modules\serve-static'

BREAKING CHANGE: webpack < 5 used to include polyfills for node.js core modules by default.
This is no longer the case. Verify if you need this module and configure a polyfill for it.

If you want to include a polyfill, you need to:
        - add a fallback 'resolve.fallback: { "url": require.resolve("url/") }'
        - install 'url'
If you don't want to include a polyfill, you can use an empty module like this:
        resolve.fallback: { "url": false }

28 ERRORS in child compilations (Use 'stats.children: true' resp. '--stats-children' for more details)